---
source: tests/cli.rs
info:
  program: mfinance
  args:
    - report
    - /tmp/mfinance-1d73-0/test.csv
  env:
    MFINANCE_TEST_MODE: "1"
---
success: true
exit_code: 0
----- stdout -----
  2024-09-11:   700.00
  2024-10-01:  -200.00
  2024-10-02: 3 000.42
  2025-01-01:    10.00
Total amount: 3 510.42

----- stderr -----
[TIMESTAMP WARN mfinance::config] Failed to parse config: invalid value: string "invalid", expected a character for key `formatting.thousands_separator`
