---
source: tests/tui.rs
expression: back_to_files
---
Buffer {
    area: Rect { x: 0, y: 0, width: 120, height: 30 },
    content: [
        "╔ Files ════════════════════════════════╗┌ expenses.csv ───────────────────────┐┌ 2025 ────────────────────────────────┐",
        "║ expenses.csv                  -251.50 ║│ 2024                        -175.75 ││ 2025-01-05                    -75.75 │",
        "║ income.csv                            ║│ 2025                         -75.75 ││                                      │",
        "║ savings.csv                           ║│                                     ││                                      │",
        "║                                       ║│                                     ││                                      │",
        "║                                       ║│                                     ││                                      │",
        "║                                       ║│                                     ││                                      │",
        "║                                       ║│                                     ││                                      │",
        "║                                       ║│                                     ││                                      │",
        "║                                       ║│                                     ││                                      │",
        "║                                       ║│                                     ││                                      │",
        "║                                       ║│                                     ││                                      │",
        "║                                       ║│                                     ││                                      │",
        "║                                       ║│                                     ││                                      │",
        "║                                       ║│                                     ││                                      │",
        "║                                       ║│                                     ││                                      │",
        "║                                       ║│                                     ││                                      │",
        "║                                       ║│                                     ││                                      │",
        "║                                       ║│                                     ││                                      │",
        "║                                       ║│                                     ││                                      │",
        "║                                       ║│                                     ││                                      │",
        "║                                       ║│                                     ││                                      │",
        "║                                       ║│                                     ││                                      │",
        "║                                       ║│                                     ││                                      │",
        "║                                       ║│                                     ││                                      │",
        "║                                       ║│                                     ││                                      │",
        "╚═══════════════════════════════════════╝└─────────────────────────────────────┘└──────────────────────────────────────┘",
        "┌──────────────────────────────────────────────────────────────────────────────────────────────────────────────────────┐",
        "│↓(j)/↑(k): Navigate | Tab: Focus | q: Quit                                                                            │",
        "└──────────────────────────────────────────────────────────────────────────────────────────────────────────────────────┘",
    ],
    styles: [
        x: 0, y: 0, fg: Reset, bg: Reset, underline: Reset, modifier: NONE,
        x: 1, y: 0, fg: Reset, bg: Reset, underline: Reset, modifier: BOLD,
        x: 8, y: 0, fg: Reset, bg: Reset, underline: Reset, modifier: NONE,
        x: 1, y: 1, fg: Black, bg: Blue, underline: Reset, modifier: NONE,
        x: 40, y: 1, fg: Reset, bg: Reset, underline: Reset, modifier: NONE,
        x: 81, y: 1, fg: Reset, bg: DarkGray, underline: Reset, modifier: NONE,
        x: 119, y: 1, fg: Reset, bg: Reset, underline: Reset, modifier: NONE,
        x: 42, y: 2, fg: Reset, bg: DarkGray, underline: Reset, modifier: NONE,
        x: 79, y: 2, fg: Reset, bg: Reset, underline: Reset, modifier: NONE,
    ]
}
